components/layout/header.tsx(5,10): error TS2305: Module '"@/hooks/use-queries"' has no exported member 'useActiveAlerts'.
components/layout/header.tsx(9,43): error TS7006: Parameter 'a' implicitly has an 'any' type.
